.DEFAULT_GOAL="help" 
BLACK="" 
BLUE="" 
BUNDLE="bundle" 
CAT="cat" 
CD="cd" 
CHMOD="chmod" 
CP="cp" 
CURDIR="/Users/julienpolo/Code/Captive/makefile-core/test" 
CURL="curl" 
CWD="/Users/julienpolo/Code/Captive/makefile-core/test" 
DOCKER="docker" 
FALSE="false" 
FIND="find" 
GIT="git" 
GREEN="" 
GREP="grep -E" 
HELP_COLOR_FLAGS="" 
HELP_COLOR_RESET="" 
HELP_COLOR_TARGETS="" 
LC_ALL="" 
LC_COLLATE="C" 
LC_NUMERIC="C" 
LIGHTPURPLE="" 
LN="ln" 
LS="ls" 
MAKEFILE_CORE=".modules/core.mk" 
MAKEFILE_EXCLUDE=".modules/core.mk " # `$(MAKEFILE_CORE) `
MAKEFILE_INCLUDE=" .modules/test-include/module.mk" # `$(wildcard $(MODULES_PATH)/*/module.make) $(wildcard $(MODULES_PATH)/*/module.mk)`
MAKEFILE_LIST=" Makefile.test ../core.mk .modules/test-include/module.mk" 
MAKEFILE_LOCAL="Makefile.local" 
MAKEFILE_PATH="/Users/julienpolo/Code/Captive/makefile-core/test/Makefile.test" # `$(abspath $(firstword $(MAKEFILE_LIST)))`
MAKEFILE_UPDATER_URL="https://raw.githubusercontent.com/Captive-Studio/makefile-core/main/core.mk" 
MAKEFLAGS=" --no-print-directory -Rr" 
MKDIRP="mkdir -p" 
MODULES_PATH=".modules" 
MV="mv" 
NOFAIL="2> || " 
NPM="npm" 
NULL="/dev/null" 
PHONY=" print-variables self-add self-update help" 
PURPLE="" 
PWD="pwd" 
RED="" 
RESET="" 
RM="rm" 
RMUL="" 
SED="sed" 
SHELL="/bin/bash" 
SMUL="" 
TAIL="tail" 
TEST_FLAG_INCLUDED="test-flag" 
TEST_FLAG_ROOT="test-flag-root" 
TEST_FLAG_ROOT_NO_HELP="" 
TOUCH="touch" 
TRUE="true" 
WHITE="" 
YELLOW="" 

