LC_COLLATE=C
LC_NUMERIC=C
LOG_LEVEL=info
MAKEFLAGS= --no-print-directory -Rr
SHELL=/bin/zsh
TEST_FLAG_ROOT=test-flag-root
