filter-false,1=1
filter-false,0=
filter-false,=
filter-false,foo=foo
filter-false,false=
filter-false,true=true
filter-false,no=
filter-false,yes=yes
